
> dhancash@0.1.0 build
> react-scripts build

Creating an optimized production build...
npm : Browserslist: caniuse-lite is outdated. Please run:
At line:1 char:73
+ ... esktop\damanmain (2)\damanmain\dhancash" ; npm run build 2>&1 | Tee-O ...
+                                                ~~~~~~~~~~~~~~~~~~
    + CategoryInfo          : NotSpecified: (Browserslist: c...ed. Please run: 
   :String) [], RemoteException
    + FullyQualifiedErrorId : NativeCommandError
 
  npx update-browserslist-db@latest
  Why you should do it regularly: 
https://github.com/browserslist/update-db#readme
Browserslist: caniuse-lite is outdated. Please run:
  npx update-browserslist-db@latest
  Why you should do it regularly: 
https://github.com/browserslist/update-db#readme
Compiled with warnings.

Warning
(4512:5) autoprefixer: Gradient has outdated direction syntax. New syntax is like `to left` instead of `right`.

Search for the keywords to learn more about each warning.
To ignore, add // eslint-disable-next-line to the line before.

File sizes after gzip:

  130.9 kB   build\static\css\main.25ce2010.css
  108.54 kB  build\static\js\main.78e277fb.js
  1.77 kB    build\static\js\453.dc24060e.chunk.js

The project was built assuming it is hosted at /.
You can control this with the homepage field in your package.json.

The build folder is ready to be deployed.
You may serve it with a static server:

  npm install -g serve
  serve -s build

Find out more about deployment here:

  https://cra.link/deployment

